{
    "homo_sapiens": {
        "content": [
            "Log.final.out",
            "Log.out",
            "Log.progress.out",
            {
                "PARABRICKS_RNAFQ2BAM": {
                    "pbrun": "4.6.0-1"
                }
            }
        ],
        "meta": {
            "nf-test": "0.9.3",
            "nextflow": "25.04.8"
        },
        "timestamp": "2025-11-07T21:56:17.140959366"
    }
}